// Jest Snapshot v1, https://goo.gl/fbAQLP

exports[`Search component renders Search 1`] = `<Search />`;
