// Jest Snapshot v1, https://goo.gl/fbAQLP

exports[`RepoList component renders RepoList 1`] = `<RepoList />`;
