// Jest Snapshot v1, https://goo.gl/fbAQLP

exports[`Loading component renders Loading 1`] = `
<div
  className={null}
>
  Loading...
</div>
`;
